// Vitest Snapshot v1, https://vitest.dev/guide/snapshot.html

exports[`search 1`] = `
[
  {
    "name": "Ouiiiii",
    "url": "oui.com",
  },
]
`;
