// Vitest Snapshot v1, https://vitest.dev/guide/snapshot.html

exports[`test 1`] = `4`;
